Archive member included to satisfy reference by file (symbol)

lib/Debug/libsystem_config.a(init.o)
                              (Entry)
lib/Debug/libsystem_config.a(startup.o)
                              lib/Debug/libsystem_config.a(init.o) (start_boot)
lib/Debug/libsystem_config.a(cp15.o)
                              lib/Debug/libsystem_config.a(startup.o) (CP15VectorBaseAddrSet)
lib/Debug/libsystem_config.a(exceptionhandler.o)
                              lib/Debug/libsystem_config.a(startup.o) (IRQHandler)
lib/Debug/libsystem_config.a(interrupt.o)
                              lib/Debug/libsystem_config.a(exceptionhandler.o) (fnRAMVectors)
lib/Debug/libsystem_config.a(cpu.o)
                              lib/Debug/libsystem_config.a(exceptionhandler.o) (CPUAbortHandler)
/usr/lib/gcc/arm-none-eabi/4.9.3//libgcc.a(_udivsi3.o)
                              (__aeabi_uidiv)
/usr/lib/gcc/arm-none-eabi/4.9.3//libgcc.a(_divsi3.o)
                              (__aeabi_idiv)
/usr/lib/gcc/arm-none-eabi/4.9.3//libgcc.a(_dvmd_tls.o)
                              /usr/lib/gcc/arm-none-eabi/4.9.3//libgcc.a(_udivsi3.o) (__aeabi_idiv0)

Allocating common symbols
Common symbol       size              file

module              0x1               Debug/gpioClk.o
fnRAMVectors        0x200             lib/Debug/libsystem_config.a(interrupt.o)
pin                 0x1               Debug/gpioClk.o

Discarded input sections

 .text          0x0000000000000000        0x0 Debug/gpioClk.o
 .data          0x0000000000000000        0x0 Debug/gpioClk.o
 .bss           0x0000000000000000        0x0 Debug/gpioClk.o
 COMMON         0x0000000000000000        0x2 Debug/gpioClk.o
 .text          0x0000000000000000        0x0 Debug/gpioFunctions.o
 .data          0x0000000000000000        0x0 Debug/gpioFunctions.o
 .bss           0x0000000000000000        0x0 Debug/gpioFunctions.o
 .text.Delay    0x0000000000000000       0x38 Debug/gpioFunctions.o
 .text          0x0000000000000000        0x0 Debug/gpioLED.o
 .data          0x0000000000000000        0x0 Debug/gpioLED.o
 .bss           0x0000000000000000        0x0 Debug/gpioLED.o
 .bss.flagToggle
                0x0000000000000000        0x4 Debug/gpioLED.o
 .text.ledToggle
                0x0000000000000000      0x12c Debug/gpioLED.o
 .text          0x0000000000000000        0x0 Debug/gpioPinSelect.o
 .data          0x0000000000000000        0x0 Debug/gpioPinSelect.o
 .bss           0x0000000000000000        0x0 Debug/gpioPinSelect.o
 .text          0x0000000000000000        0x0 Debug/gpioRobert.o
 .data          0x0000000000000000        0x0 Debug/gpioRobert.o
 .bss           0x0000000000000000        0x0 Debug/gpioRobert.o
 .data          0x0000000000000000        0x0 lib/Debug/libsystem_config.a(init.o)
 .bss           0x0000000000000000        0x0 lib/Debug/libsystem_config.a(init.o)
 .text          0x0000000000000000        0x0 lib/Debug/libsystem_config.a(startup.o)
 .data          0x0000000000000000        0x0 lib/Debug/libsystem_config.a(startup.o)
 .bss           0x0000000000000000        0x0 lib/Debug/libsystem_config.a(startup.o)
 .rodata.AM335X_VECTOR_BASE
                0x0000000000000000        0x4 lib/Debug/libsystem_config.a(startup.o)
 .data          0x0000000000000000        0x0 lib/Debug/libsystem_config.a(cp15.o)
 .bss           0x0000000000000000        0x0 lib/Debug/libsystem_config.a(cp15.o)
 .data          0x0000000000000000        0x0 lib/Debug/libsystem_config.a(exceptionhandler.o)
 .bss           0x0000000000000000        0x0 lib/Debug/libsystem_config.a(exceptionhandler.o)
 .text          0x0000000000000000        0x0 lib/Debug/libsystem_config.a(interrupt.o)
 .data          0x0000000000000000        0x0 lib/Debug/libsystem_config.a(interrupt.o)
 .bss           0x0000000000000000        0x0 lib/Debug/libsystem_config.a(interrupt.o)
 .text.IntDefaultHandler
                0x0000000000000000       0x18 lib/Debug/libsystem_config.a(interrupt.o)
 .text.IntRegister
                0x0000000000000000       0x38 lib/Debug/libsystem_config.a(interrupt.o)
 .text.IntUnRegister
                0x0000000000000000       0x38 lib/Debug/libsystem_config.a(interrupt.o)
 .text.IntAINTCInit
                0x0000000000000000       0x94 lib/Debug/libsystem_config.a(interrupt.o)
 .text.IntPrioritySet
                0x0000000000000000       0x58 lib/Debug/libsystem_config.a(interrupt.o)
 .text.IntSystemEnable
                0x0000000000000000       0x54 lib/Debug/libsystem_config.a(interrupt.o)
 .text.IntSystemDisable
                0x0000000000000000       0x54 lib/Debug/libsystem_config.a(interrupt.o)
 .text.IntIfClkFreeRunSet
                0x0000000000000000       0x34 lib/Debug/libsystem_config.a(interrupt.o)
 .text.IntIfClkAutoGateSet
                0x0000000000000000       0x34 lib/Debug/libsystem_config.a(interrupt.o)
 .text.IntActiveIrqNumGet
                0x0000000000000000       0x28 lib/Debug/libsystem_config.a(interrupt.o)
 .text.IntSpurIrqFlagGet
                0x0000000000000000       0x2c lib/Debug/libsystem_config.a(interrupt.o)
 .text.IntProtectionEnable
                0x0000000000000000       0x28 lib/Debug/libsystem_config.a(interrupt.o)
 .text.IntProtectionDisable
                0x0000000000000000       0x34 lib/Debug/libsystem_config.a(interrupt.o)
 .text.IntSyncClkFreeRunSet
                0x0000000000000000       0x34 lib/Debug/libsystem_config.a(interrupt.o)
 .text.IntSyncClkAutoGateSet
                0x0000000000000000       0x34 lib/Debug/libsystem_config.a(interrupt.o)
 .text.IntFuncClkFreeRunSet
                0x0000000000000000       0x34 lib/Debug/libsystem_config.a(interrupt.o)
 .text.IntFuncClkAutoGateSet
                0x0000000000000000       0x34 lib/Debug/libsystem_config.a(interrupt.o)
 .text.IntCurrIrqPriorityGet
                0x0000000000000000       0x28 lib/Debug/libsystem_config.a(interrupt.o)
 .text.IntPriorityThresholdGet
                0x0000000000000000       0x28 lib/Debug/libsystem_config.a(interrupt.o)
 .text.IntPriorityThresholdSet
                0x0000000000000000       0x34 lib/Debug/libsystem_config.a(interrupt.o)
 .text.IntRawStatusGet
                0x0000000000000000       0x5c lib/Debug/libsystem_config.a(interrupt.o)
 .text.IntSoftwareIntSet
                0x0000000000000000       0x50 lib/Debug/libsystem_config.a(interrupt.o)
 .text.IntSoftwareIntClear
                0x0000000000000000       0x50 lib/Debug/libsystem_config.a(interrupt.o)
 .text.IntPendingIrqMaskedStatusGet
                0x0000000000000000       0x58 lib/Debug/libsystem_config.a(interrupt.o)
 .text.IntMasterIRQEnable
                0x0000000000000000       0x1c lib/Debug/libsystem_config.a(interrupt.o)
 .text.IntMasterIRQDisable
                0x0000000000000000       0x1c lib/Debug/libsystem_config.a(interrupt.o)
 .text.IntMasterFIQEnable
                0x0000000000000000       0x1c lib/Debug/libsystem_config.a(interrupt.o)
 .text.IntMasterFIQDisable
                0x0000000000000000       0x1c lib/Debug/libsystem_config.a(interrupt.o)
 .text.IntMasterStatusGet
                0x0000000000000000       0x20 lib/Debug/libsystem_config.a(interrupt.o)
 .text.IntDisable
                0x0000000000000000       0x3c lib/Debug/libsystem_config.a(interrupt.o)
 .text.IntEnable
                0x0000000000000000       0x38 lib/Debug/libsystem_config.a(interrupt.o)
 .text          0x0000000000000000        0x0 lib/Debug/libsystem_config.a(cpu.o)
 .data          0x0000000000000000        0x0 lib/Debug/libsystem_config.a(cpu.o)
 .bss           0x0000000000000000        0x0 lib/Debug/libsystem_config.a(cpu.o)
 .text.CPUSwitchToPrivilegedMode
                0x0000000000000000       0x1c lib/Debug/libsystem_config.a(cpu.o)
 .text.CPUSwitchToUserMode
                0x0000000000000000       0x28 lib/Debug/libsystem_config.a(cpu.o)
 .text.CPUAbortHandler
                0x0000000000000000       0x18 lib/Debug/libsystem_config.a(cpu.o)
 .text.CPUIntStatus
                0x0000000000000000       0x2c lib/Debug/libsystem_config.a(cpu.o)
 .text.CPUirqd  0x0000000000000000       0x28 lib/Debug/libsystem_config.a(cpu.o)
 .text.CPUirqe  0x0000000000000000       0x28 lib/Debug/libsystem_config.a(cpu.o)
 .text.CPUfiqd  0x0000000000000000       0x28 lib/Debug/libsystem_config.a(cpu.o)
 .text.CPUfiqe  0x0000000000000000       0x28 lib/Debug/libsystem_config.a(cpu.o)
 .debug_info    0x0000000000000000       0xcc lib/Debug/libsystem_config.a(cpu.o)
 .debug_abbrev  0x0000000000000000       0x62 lib/Debug/libsystem_config.a(cpu.o)
 .debug_aranges
                0x0000000000000000       0x58 lib/Debug/libsystem_config.a(cpu.o)
 .debug_ranges  0x0000000000000000       0x48 lib/Debug/libsystem_config.a(cpu.o)
 .debug_line    0x0000000000000000       0xd8 lib/Debug/libsystem_config.a(cpu.o)
 .debug_str     0x0000000000000000      0x1ce lib/Debug/libsystem_config.a(cpu.o)
 .comment       0x0000000000000000       0x6f lib/Debug/libsystem_config.a(cpu.o)
 .debug_frame   0x0000000000000000      0x110 lib/Debug/libsystem_config.a(cpu.o)
 .ARM.attributes
                0x0000000000000000       0x3b lib/Debug/libsystem_config.a(cpu.o)
 .data          0x0000000000000000        0x0 /usr/lib/gcc/arm-none-eabi/4.9.3//libgcc.a(_udivsi3.o)
 .bss           0x0000000000000000        0x0 /usr/lib/gcc/arm-none-eabi/4.9.3//libgcc.a(_udivsi3.o)
 .data          0x0000000000000000        0x0 /usr/lib/gcc/arm-none-eabi/4.9.3//libgcc.a(_divsi3.o)
 .bss           0x0000000000000000        0x0 /usr/lib/gcc/arm-none-eabi/4.9.3//libgcc.a(_divsi3.o)
 .data          0x0000000000000000        0x0 /usr/lib/gcc/arm-none-eabi/4.9.3//libgcc.a(_dvmd_tls.o)
 .bss           0x0000000000000000        0x0 /usr/lib/gcc/arm-none-eabi/4.9.3//libgcc.a(_dvmd_tls.o)

Memory Configuration

Name             Origin             Length             Attributes
DDR0             0x0000000080000000 0x0000000010000000
*default*        0x0000000000000000 0xffffffffffffffff

Linker script and memory map

LOAD Debug/gpioClk.o
LOAD Debug/gpioFunctions.o
LOAD Debug/gpioLED.o
LOAD Debug/gpioPinSelect.o
LOAD Debug/gpioRobert.o
LOAD lib/Debug/libsystem_config.a
LOAD /usr/lib/arm-none-eabi/lib//libc.a
LOAD /usr/lib/gcc/arm-none-eabi/4.9.3//libgcc.a
LOAD lib/Debug/libsystem_config.a

.startcode      0x0000000080000000       0xb4
                0x0000000080000000                . = ALIGN (0x4)
 *init.o(.text)
 .text          0x0000000080000000       0xb4 lib/Debug/libsystem_config.a(init.o)
                0x0000000080000000                Entry

.text           0x00000000800000b4     0x20f4
                0x00000000800000b4                . = ALIGN (0x4)
 *(.text*)
 .text.GPIO3_ModuleClkConfig
                0x00000000800000b4       0x4c Debug/gpioClk.o
                0x00000000800000b4                GPIO3_ModuleClkConfig
 .text.GPIO2_ModuleClkConfig
                0x0000000080000100       0x4c Debug/gpioClk.o
                0x0000000080000100                GPIO2_ModuleClkConfig
 .text.GPIO1_ModuleClkConfig
                0x000000008000014c       0x4c Debug/gpioClk.o
                0x000000008000014c                GPIO1_ModuleClkConfig
 .text.GPIO0_ModuleClkConfig
                0x0000000080000198       0x4c Debug/gpioClk.o
                0x0000000080000198                GPIO0_ModuleClkConfig
 .text.gpioModuleClk
                0x00000000800001e4       0x78 Debug/gpioClk.o
                0x00000000800001e4                gpioModuleClk
 .text.ledInit  0x000000008000025c      0x200 Debug/gpioFunctions.o
                0x000000008000025c                ledInit
 .text.modulo0  0x000000008000045c      0x258 Debug/gpioFunctions.o
                0x000000008000045c                modulo0
 .text.modulo1  0x00000000800006b4      0x168 Debug/gpioFunctions.o
                0x00000000800006b4                modulo1
 .text.modulo2  0x000000008000081c      0x13c Debug/gpioFunctions.o
                0x000000008000081c                modulo2
 .text.modulo3  0x0000000080000958      0x118 Debug/gpioFunctions.o
                0x0000000080000958                modulo3
 .text.getValue
                0x0000000080000a70       0xd0 Debug/gpioFunctions.o
                0x0000000080000a70                getValue
 .text.getBank  0x0000000080000b40       0x40 Debug/gpioFunctions.o
                0x0000000080000b40                getBank
 .text.getPin   0x0000000080000b80       0x40 Debug/gpioFunctions.o
                0x0000000080000b80                getPin
 .text.whitePinHigh
                0x0000000080000bc0       0xb4 Debug/gpioFunctions.o
                0x0000000080000bc0                whitePinHigh
 .text.whitePinLow
                0x0000000080000c74       0xb4 Debug/gpioFunctions.o
                0x0000000080000c74                whitePinLow
 .text.GPIOPinMuxSetup
                0x0000000080000d28       0xb0 Debug/gpioLED.o
                0x0000000080000d28                GPIOPinMuxSetup
 .text.GPIOModuleEnable
                0x0000000080000dd8       0x3c Debug/gpioLED.o
                0x0000000080000dd8                GPIOModuleEnable
 .text.GPIOModuleReset
                0x0000000080000e14       0x3c Debug/gpioLED.o
                0x0000000080000e14                GPIOModuleReset
 .text.GPIODirModeSet
                0x0000000080000e50       0x90 Debug/gpioLED.o
                0x0000000080000e50                GPIODirModeSet
 .text.GPIOPinWrite
                0x0000000080000ee0       0x6c Debug/gpioLED.o
                0x0000000080000ee0                GPIOPinWrite
 .text.selectUART
                0x0000000080000f4c      0x10c Debug/gpioPinSelect.o
                0x0000000080000f4c                selectUART
 .text.selectCSN
                0x0000000080001058       0x7c Debug/gpioPinSelect.o
                0x0000000080001058                selectCSN
 .text.selectMII
                0x00000000800010d4       0xc0 Debug/gpioPinSelect.o
                0x00000000800010d4                selectMII
 .text.selectXDMA
                0x0000000080001194       0x60 Debug/gpioPinSelect.o
                0x0000000080001194                selectXDMA
 .text.selectMDIO
                0x00000000800011f4       0x60 Debug/gpioPinSelect.o
                0x00000000800011f4                selectMDIO
 .text.selectSPI0
                0x0000000080001254       0xb8 Debug/gpioPinSelect.o
                0x0000000080001254                selectSPI0
 .text.selectGPMC
                0x000000008000130c       0xd0 Debug/gpioPinSelect.o
                0x000000008000130c                selectGPMC
 .text.selectMII1RXD
                0x00000000800013dc       0x9c Debug/gpioPinSelect.o
                0x00000000800013dc                selectMII1RXD
 .text.selectLCD
                0x0000000080001478       0x9c Debug/gpioPinSelect.o
                0x0000000080001478                selectLCD
 .text.selectMMC0
                0x0000000080001514       0xd4 Debug/gpioPinSelect.o
                0x0000000080001514                selectMMC0
 .text.selectMII1
                0x00000000800015e8       0xfc Debug/gpioPinSelect.o
                0x00000000800015e8                selectMII1
 .text.selectI2C0
                0x00000000800016e4       0x60 Debug/gpioPinSelect.o
                0x00000000800016e4                selectI2C0
 .text.selectMCASPO
                0x0000000080001744      0x10c Debug/gpioPinSelect.o
                0x0000000080001744                selectMCASPO
 .text.main     0x0000000080001850       0x90 Debug/gpioRobert.o
                0x0000000080001850                main
 .text.start_boot
                0x00000000800018e0       0x24 lib/Debug/libsystem_config.a(startup.o)
                0x00000000800018e0                start_boot
 .text.CopyVectorTable
                0x0000000080001904       0x94 lib/Debug/libsystem_config.a(startup.o)
 .text          0x0000000080001998      0x488 lib/Debug/libsystem_config.a(cp15.o)
                0x0000000080001998                CP15ICacheDisable
                0x00000000800019b4                CP15DCacheDisable
                0x00000000800019d0                CP15ICacheEnable
                0x00000000800019e0                CP15DCacheEnable
                0x00000000800019f0                CP15DCacheFlush
                0x0000000080001a84                CP15DCacheClean
                0x0000000080001b18                CP15DCacheCleanFlush
                0x0000000080001bac                CP15ICacheFlush
                0x0000000080001bbc                CP15DCacheCleanBuff
                0x0000000080001c10                CP15DCacheCleanFlushBuff
                0x0000000080001c64                CP15DCacheFlushBuff
                0x0000000080001cc8                CP15ICacheFlushBuff
                0x0000000080001d1c                CP15Ttb0Set
                0x0000000080001d28                CP15TlbInvalidate
                0x0000000080001d34                CP15MMUDisable
                0x0000000080001d4c                CP15MMUEnable
                0x0000000080001d60                CP15VectorBaseAddrSet
                0x0000000080001d6c                CP15BranchPredictorInvalidate
                0x0000000080001d78                CP15BranchPredictionEnable
                0x0000000080001d88                CP15BranchPredictionDisable
                0x0000000080001d98                CP15DomainAccessClientSet
                0x0000000080001da8                CP15ControlFeatureDisable
                0x0000000080001dbc                CP15ControlFeatureEnable
                0x0000000080001dd0                CP15TtbCtlTtb0Config
                0x0000000080001de0                CP15AuxControlFeatureEnable
                0x0000000080001df4                CP15AuxControlFeatureDisable
                0x0000000080001e08                CP15MainIdPrimPartNumGet
 .text          0x0000000080001e20       0xf0 lib/Debug/libsystem_config.a(exceptionhandler.o)
                0x0000000080001e20                SVC_Handler
                0x0000000080001e48                IRQHandler
                0x0000000080001ef4                FIQHandler
                0x0000000080001ef8                UndefInstHandler
                0x0000000080001ef8                AbortHandler
 .text          0x0000000080001f10      0x114 /usr/lib/gcc/arm-none-eabi/4.9.3//libgcc.a(_udivsi3.o)
                0x0000000080001f10                __udivsi3
                0x0000000080001f10                __aeabi_uidiv
                0x0000000080002004                __aeabi_uidivmod
 .text          0x0000000080002024      0x148 /usr/lib/gcc/arm-none-eabi/4.9.3//libgcc.a(_divsi3.o)
                0x0000000080002024                __aeabi_idiv
                0x0000000080002024                __divsi3
                0x000000008000214c                __aeabi_idivmod
 .text          0x000000008000216c        0x4 /usr/lib/gcc/arm-none-eabi/4.9.3//libgcc.a(_dvmd_tls.o)
                0x000000008000216c                __aeabi_ldiv0
                0x000000008000216c                __aeabi_idiv0
 *(.rodata*)
 .rodata.vecTbl
                0x0000000080002170       0x38 lib/Debug/libsystem_config.a(startup.o)

.glue_7         0x00000000800021a8        0x0
 .glue_7        0x00000000800021a8        0x0 linker stubs

.glue_7t        0x00000000800021a8        0x0
 .glue_7t       0x00000000800021a8        0x0 linker stubs

.vfp11_veneer   0x00000000800021a8        0x0
 .vfp11_veneer  0x00000000800021a8        0x0 linker stubs

.v4_bx          0x00000000800021a8        0x0
 .v4_bx         0x00000000800021a8        0x0 linker stubs

.iplt           0x00000000800021a8        0x0
 .iplt          0x00000000800021a8        0x0 Debug/gpioClk.o

.rel.dyn        0x00000000800021a8        0x0
 .rel.iplt      0x00000000800021a8        0x0 Debug/gpioClk.o

.data           0x00000000800021a8        0x0
                0x00000000800021a8                . = ALIGN (0x4)
 *(.data*)

.igot.plt       0x00000000800021a8        0x0
 .igot.plt      0x00000000800021a8        0x0 Debug/gpioClk.o

.bss            0x00000000800021a8      0x200
                0x00000000800021a8                . = ALIGN (0x4)
                0x00000000800021a8                _bss_start = .
 *(.bss*)
 *(COMMON)
 COMMON         0x00000000800021a8      0x200 lib/Debug/libsystem_config.a(interrupt.o)
                0x00000000800021a8                fnRAMVectors
                0x00000000800023a8                _bss_end = .

.heap           0x00000000800023a8      0x800
                0x00000000800023a8                . = ALIGN (0x4)
                0x00000000800023a8                __end__ = .
                0x00000000800023a8                end = __end__
                0x00000000800023a8                __HeapBase = __end__
 *(.heap*)
                0x0000000080002ba8                . = (. + 0x800)
 *fill*         0x00000000800023a8      0x800 
                0x0000000080002ba8                __HeapLimit = .

.stack          0x0000000080002ba8  0x7fffff8
                0x0000000080002ba8                . = ALIGN (0x4)
                0x0000000080002ba8                __StackLimit = .
 *(.stack*)
                0x0000000088002ba0                . = (. + 0x7fffff8)
 *fill*         0x0000000080002ba8  0x7fffff8 
                0x0000000088002ba0                __StackTop = .
                0x0000000088002ba0                _stack = __StackTop
OUTPUT(Debug/gpioRobert.out elf32-littlearm)

.debug_info     0x0000000000000000     0x1583
 .debug_info    0x0000000000000000      0x1be Debug/gpioClk.o
 .debug_info    0x00000000000001be      0x3dd Debug/gpioFunctions.o
 .debug_info    0x000000000000059b      0x293 Debug/gpioLED.o
 .debug_info    0x000000000000082e      0x32e Debug/gpioPinSelect.o
 .debug_info    0x0000000000000b5c      0x18c Debug/gpioRobert.o
 .debug_info    0x0000000000000ce8       0x9f lib/Debug/libsystem_config.a(init.o)
 .debug_info    0x0000000000000d87       0xd2 lib/Debug/libsystem_config.a(startup.o)
 .debug_info    0x0000000000000e59       0x9f lib/Debug/libsystem_config.a(cp15.o)
 .debug_info    0x0000000000000ef8       0xb2 lib/Debug/libsystem_config.a(exceptionhandler.o)
 .debug_info    0x0000000000000faa      0x3cf lib/Debug/libsystem_config.a(interrupt.o)
 .debug_info    0x0000000000001379       0xae /usr/lib/gcc/arm-none-eabi/4.9.3//libgcc.a(_udivsi3.o)
 .debug_info    0x0000000000001427       0xae /usr/lib/gcc/arm-none-eabi/4.9.3//libgcc.a(_divsi3.o)
 .debug_info    0x00000000000014d5       0xae /usr/lib/gcc/arm-none-eabi/4.9.3//libgcc.a(_dvmd_tls.o)

.debug_abbrev   0x0000000000000000      0x6c1
 .debug_abbrev  0x0000000000000000       0xb4 Debug/gpioClk.o
 .debug_abbrev  0x00000000000000b4      0x11c Debug/gpioFunctions.o
 .debug_abbrev  0x00000000000001d0       0xb6 Debug/gpioLED.o
 .debug_abbrev  0x0000000000000286       0xc5 Debug/gpioPinSelect.o
 .debug_abbrev  0x000000000000034b       0x9c Debug/gpioRobert.o
 .debug_abbrev  0x00000000000003e7       0x14 lib/Debug/libsystem_config.a(init.o)
 .debug_abbrev  0x00000000000003fb       0xa2 lib/Debug/libsystem_config.a(startup.o)
 .debug_abbrev  0x000000000000049d       0x14 lib/Debug/libsystem_config.a(cp15.o)
 .debug_abbrev  0x00000000000004b1       0x14 lib/Debug/libsystem_config.a(exceptionhandler.o)
 .debug_abbrev  0x00000000000004c5      0x1c0 lib/Debug/libsystem_config.a(interrupt.o)
 .debug_abbrev  0x0000000000000685       0x14 /usr/lib/gcc/arm-none-eabi/4.9.3//libgcc.a(_udivsi3.o)
 .debug_abbrev  0x0000000000000699       0x14 /usr/lib/gcc/arm-none-eabi/4.9.3//libgcc.a(_divsi3.o)
 .debug_abbrev  0x00000000000006ad       0x14 /usr/lib/gcc/arm-none-eabi/4.9.3//libgcc.a(_dvmd_tls.o)

.debug_aranges  0x0000000000000000      0x390
 .debug_aranges
                0x0000000000000000       0x40 Debug/gpioClk.o
 .debug_aranges
                0x0000000000000040       0x70 Debug/gpioFunctions.o
 .debug_aranges
                0x00000000000000b0       0x48 Debug/gpioLED.o
 .debug_aranges
                0x00000000000000f8       0x80 Debug/gpioPinSelect.o
 .debug_aranges
                0x0000000000000178       0x20 Debug/gpioRobert.o
 .debug_aranges
                0x0000000000000198       0x20 lib/Debug/libsystem_config.a(init.o)
 .debug_aranges
                0x00000000000001b8       0x28 lib/Debug/libsystem_config.a(startup.o)
 .debug_aranges
                0x00000000000001e0       0x20 lib/Debug/libsystem_config.a(cp15.o)
 .debug_aranges
                0x0000000000000200       0x20 lib/Debug/libsystem_config.a(exceptionhandler.o)
 .debug_aranges
                0x0000000000000220      0x110 lib/Debug/libsystem_config.a(interrupt.o)
 .debug_aranges
                0x0000000000000330       0x20 /usr/lib/gcc/arm-none-eabi/4.9.3//libgcc.a(_udivsi3.o)
 .debug_aranges
                0x0000000000000350       0x20 /usr/lib/gcc/arm-none-eabi/4.9.3//libgcc.a(_divsi3.o)
 .debug_aranges
                0x0000000000000370       0x20 /usr/lib/gcc/arm-none-eabi/4.9.3//libgcc.a(_dvmd_tls.o)

.debug_ranges   0x0000000000000000      0x260
 .debug_ranges  0x0000000000000000       0x30 Debug/gpioClk.o
 .debug_ranges  0x0000000000000030       0x60 Debug/gpioFunctions.o
 .debug_ranges  0x0000000000000090       0x38 Debug/gpioLED.o
 .debug_ranges  0x00000000000000c8       0x70 Debug/gpioPinSelect.o
 .debug_ranges  0x0000000000000138       0x10 Debug/gpioRobert.o
 .debug_ranges  0x0000000000000148       0x18 lib/Debug/libsystem_config.a(startup.o)
 .debug_ranges  0x0000000000000160      0x100 lib/Debug/libsystem_config.a(interrupt.o)

.debug_line     0x0000000000000000      0xd92
 .debug_line    0x0000000000000000       0xa0 Debug/gpioClk.o
 .debug_line    0x00000000000000a0      0x286 Debug/gpioFunctions.o
 .debug_line    0x0000000000000326      0x101 Debug/gpioLED.o
 .debug_line    0x0000000000000427      0x1b0 Debug/gpioPinSelect.o
 .debug_line    0x00000000000005d7       0x59 Debug/gpioRobert.o
 .debug_line    0x0000000000000630       0x8d lib/Debug/libsystem_config.a(init.o)
 .debug_line    0x00000000000006bd       0x90 lib/Debug/libsystem_config.a(startup.o)
 .debug_line    0x000000000000074d      0x184 lib/Debug/libsystem_config.a(cp15.o)
 .debug_line    0x00000000000008d1       0xb3 lib/Debug/libsystem_config.a(exceptionhandler.o)
 .debug_line    0x0000000000000984      0x2b7 lib/Debug/libsystem_config.a(interrupt.o)
 .debug_line    0x0000000000000c3b       0x78 /usr/lib/gcc/arm-none-eabi/4.9.3//libgcc.a(_udivsi3.o)
 .debug_line    0x0000000000000cb3       0x84 /usr/lib/gcc/arm-none-eabi/4.9.3//libgcc.a(_divsi3.o)
 .debug_line    0x0000000000000d37       0x5b /usr/lib/gcc/arm-none-eabi/4.9.3//libgcc.a(_dvmd_tls.o)

.debug_str      0x0000000000000000      0x924
 .debug_str     0x0000000000000000      0x2b2 Debug/gpioClk.o
 .debug_str     0x00000000000002b2       0xa5 Debug/gpioFunctions.o
                                        0x2d9 (size before relaxing)
 .debug_str     0x0000000000000357       0xb0 Debug/gpioLED.o
                                        0x2f5 (size before relaxing)
 .debug_str     0x0000000000000407       0xa5 Debug/gpioPinSelect.o
                                        0x2df (size before relaxing)
 .debug_str     0x00000000000004ac       0x2b Debug/gpioRobert.o
                                        0x25f (size before relaxing)
 .debug_str     0x00000000000004d7      0x192 lib/Debug/libsystem_config.a(startup.o)
                                        0x1bc (size before relaxing)
 .debug_str     0x0000000000000669      0x2bb lib/Debug/libsystem_config.a(interrupt.o)
                                        0x407 (size before relaxing)

.comment        0x0000000000000000       0xa6
 .comment       0x0000000000000000       0x38 Debug/gpioClk.o
                                         0x39 (size before relaxing)
 .comment       0x0000000000000038       0x39 Debug/gpioFunctions.o
 .comment       0x0000000000000038       0x39 Debug/gpioLED.o
 .comment       0x0000000000000038       0x39 Debug/gpioPinSelect.o
 .comment       0x0000000000000038       0x39 Debug/gpioRobert.o
 .comment       0x0000000000000038       0x6e lib/Debug/libsystem_config.a(startup.o)
                                         0x6f (size before relaxing)
 .comment       0x00000000000000a6       0x6f lib/Debug/libsystem_config.a(interrupt.o)

.ARM.attributes
                0x0000000000000000       0x39
 .ARM.attributes
                0x0000000000000000       0x37 Debug/gpioClk.o
 .ARM.attributes
                0x0000000000000037       0x37 Debug/gpioFunctions.o
 .ARM.attributes
                0x000000000000006e       0x37 Debug/gpioLED.o
 .ARM.attributes
                0x00000000000000a5       0x37 Debug/gpioPinSelect.o
 .ARM.attributes
                0x00000000000000dc       0x37 Debug/gpioRobert.o
 .ARM.attributes
                0x0000000000000113       0x29 lib/Debug/libsystem_config.a(init.o)
 .ARM.attributes
                0x000000000000013c       0x3b lib/Debug/libsystem_config.a(startup.o)
 .ARM.attributes
                0x0000000000000177       0x29 lib/Debug/libsystem_config.a(cp15.o)
 .ARM.attributes
                0x00000000000001a0       0x29 lib/Debug/libsystem_config.a(exceptionhandler.o)
 .ARM.attributes
                0x00000000000001c9       0x3b lib/Debug/libsystem_config.a(interrupt.o)
 .ARM.attributes
                0x0000000000000204       0x18 /usr/lib/gcc/arm-none-eabi/4.9.3//libgcc.a(_udivsi3.o)
 .ARM.attributes
                0x000000000000021c       0x18 /usr/lib/gcc/arm-none-eabi/4.9.3//libgcc.a(_divsi3.o)
 .ARM.attributes
                0x0000000000000234       0x18 /usr/lib/gcc/arm-none-eabi/4.9.3//libgcc.a(_dvmd_tls.o)

.debug_frame    0x0000000000000000      0x938
 .debug_frame   0x0000000000000000       0xb0 Debug/gpioClk.o
 .debug_frame   0x00000000000000b0      0x174 Debug/gpioFunctions.o
 .debug_frame   0x0000000000000224       0xd0 Debug/gpioLED.o
 .debug_frame   0x00000000000002f4      0x1b0 Debug/gpioPinSelect.o
 .debug_frame   0x00000000000004a4       0x2c Debug/gpioRobert.o
 .debug_frame   0x00000000000004d0       0x4c lib/Debug/libsystem_config.a(startup.o)
 .debug_frame   0x000000000000051c      0x3dc lib/Debug/libsystem_config.a(interrupt.o)
 .debug_frame   0x00000000000008f8       0x20 /usr/lib/gcc/arm-none-eabi/4.9.3//libgcc.a(_udivsi3.o)
 .debug_frame   0x0000000000000918       0x20 /usr/lib/gcc/arm-none-eabi/4.9.3//libgcc.a(_divsi3.o)
